
> @figma/my-make-file@0.0.1 build
> vite build

[36mvite v6.3.5 [32mbuilding for production...[36m[39m
transforming...
[32mΓ£ô[39m 3 modules transformed.
node.exe : [31mΓ£ù[39m Build failed in 210ms
At C:\Program Files\nodejs\npm.ps1:29 char:3
+   & $NODE_EXE $NPM_CLI_JS $args
+   ~~~~~~~~~~~~~~~~~~~~~~~~~~~~~
    + CategoryInfo          : NotSpecified: ([31mΓ£ù[39m Build failed in 210m 
   s:String) [], RemoteException
    + FullyQualifiedErrorId : NativeCommandError
 
[31merror during build:
[31m[@tailwindcss/vite:generate:build] Can't resolve './fonts.css' in 
'C:\Users\mahesh\Desktop\Figma Proje\src\styles'[31m
file: [36mC:/Users/mahesh/Desktop/Figma Proje/src/styles/index.css[31m
    at finishWithoutResolve (C:\Users\mahesh\Desktop\Figma 
Proje\src\node_modules\enhanced-resolve\lib\Resolver.js:586:18)
    at C:\Users\mahesh\Desktop\Figma 
Proje\src\node_modules\enhanced-resolve\lib\Resolver.js:678:14
    at C:\Users\mahesh\Desktop\Figma 
Proje\src\node_modules\enhanced-resolve\lib\Resolver.js:739:5
    at eval (eval at create (C:\Users\mahesh\Desktop\Figma 
Proje\src\node_modules\tapable\lib\HookCodeFactory.js:31:10), <anonymous>:15:1)
    at C:\Users\mahesh\Desktop\Figma 
Proje\src\node_modules\enhanced-resolve\lib\Resolver.js:739:5
    at eval (eval at create (C:\Users\mahesh\Desktop\Figma 
Proje\src\node_modules\tapable\lib\HookCodeFactory.js:31:10), <anonymous>:27:1)
    at C:\Users\mahesh\Desktop\Figma 
Proje\src\node_modules\enhanced-resolve\lib\DescriptionFilePlugin.js:89:43
    at C:\Users\mahesh\Desktop\Figma 
Proje\src\node_modules\enhanced-resolve\lib\Resolver.js:739:5
    at eval (eval at create (C:\Users\mahesh\Desktop\Figma 
Proje\src\node_modules\tapable\lib\HookCodeFactory.js:31:10), <anonymous>:15:1)
    at C:\Users\mahesh\Desktop\Figma 
Proje\src\node_modules\enhanced-resolve\lib\Resolver.js:739:5[39m
